[tavonline.net/html/madrid/index.html]
[backblue.gif]
[fade.gif]
[index.html]
[tavonline.net/html/madrid/css/bootstrap.css]
[tavonline.net/html/madrid/css/style.css]
[tavonline.net/html/madrid/icon-fonts/font-awesome-4.5.0/css/font-awesome.min.css]
[tavonline.net/html/madrid/img/logo.png]
[tavonline.net/html/madrid/index-2.html]
[tavonline.net/html/madrid/about.html]
[tavonline.net/html/madrid/blogs-page.html]
[tavonline.net/html/madrid/contact.html]
[tavonline.net/html/madrid/work-1.html]
[tavonline.net/html/madrid/img/work-1.jpg]
[tavonline.net/html/madrid/work-2.html]
[tavonline.net/html/madrid/img/work-2.jpg]
[tavonline.net/html/madrid/work-3.html]
[tavonline.net/html/madrid/img/work-3.jpg]
[tavonline.net/html/madrid/work-4.html]
[tavonline.net/html/madrid/img/work-4.jpg]
[tavonline.net/html/madrid/work-5.html]
[tavonline.net/html/madrid/img/work-5.jpg]
[tavonline.net/html/madrid/work-7.html]
[tavonline.net/html/madrid/img/work-6.jpg]
[tavonline.net/html/madrid/work-6.html]
[tavonline.net/html/madrid/img/work-7.jpg]
[tavonline.net/html/madrid/work-9.html]
[tavonline.net/html/madrid/img/work-8.jpg]
[tavonline.net/html/madrid/work-8.html]
[tavonline.net/html/madrid/img/work-9.jpg]
[tavonline.net/html/madrid/js/main.js]
[tavonline.net/html/madrid/index.html]
[tavonline.net/html/madrid/css/bootstrap.css]
[tavonline.net/html/madrid/img/home.jpg]
[tavonline.net/html/madrid/img/about-promo.jpg]
[tavonline.net/html/madrid/js/plugins.js]
[tavonline.net/html/madrid/img/contact.jpg]
[tavonline.net/html/madrid/img/blog-hero.jpg]
[tavonline.net/html/madrid/css/style.css]
[tavonline.net/html/madrid/icon-fonts/font-awesome-4.5.0/fonts/fontawesome-webfont3295.eot]
[tavonline.net/html/madrid/icon-fonts/font-awesome-4.5.0/fonts/fontawesome-webfontd41d.eot]
[tavonline.net/html/madrid/icon-fonts/font-awesome-4.5.0/fonts/fontawesome-webfont3295.woff]
[tavonline.net/html/madrid/icon-fonts/font-awesome-4.5.0/css/font-awesome.min.css]
[tavonline.net/html/madrid/icon-fonts/font-awesome-4.5.0/fonts/fontawesome-webfont3295.svg]
[tavonline.net/html/madrid/index-2.html]
[tavonline.net/html/madrid/css/owl.theme.min.css]
[tavonline.net/html/madrid/css/owl.carousel.min.css]
[tavonline.net/html/madrid/icon-fonts/web-design/flaticon.css]
[tavonline.net/html/madrid/img/about.jpg]
[tavonline.net/html/madrid/about.html]
[tavonline.net/html/madrid/single-blog.html]
[tavonline.net/html/madrid/img/blog-1.jpg]
[tavonline.net/html/madrid/img/blog-3.jpg]
[tavonline.net/html/madrid/blogs-page.html]
[tavonline.net/html/madrid/contact.html]
[tavonline.net/html/madrid/img/singlework/thegang-2.jpg]
[tavonline.net/html/madrid/img/singlework/thegang-5.jpg]
[tavonline.net/html/madrid/img/singlework/thegang-3.jpg]
[tavonline.net/html/madrid/img/singlework/thegang-4.jpg]
[tavonline.net/html/madrid/work-1.html]
[tavonline.net/html/madrid/img/singlework/factorie-2.jpg]
[tavonline.net/html/madrid/img/singlework/factorie-1.jpg]
[tavonline.net/html/madrid/img/singlework/factorie-3.gif]
[tavonline.net/html/madrid/img/singlework/factorie-4.jpg]
[tavonline.net/html/madrid/img/singlework/factorie-6.gif]
[tavonline.net/html/madrid/work-2.html]
[tavonline.net/html/madrid/css/magnific-popup.css]
[tavonline.net/html/madrid/img/singlework/environmental-1.jpg]
[tavonline.net/html/madrid/img/singlework/environmental-2.jpg]
[tavonline.net/html/madrid/img/singlework/environmental-6.jpg]
[tavonline.net/html/madrid/img/singlework/environmental-4.jpg]
[tavonline.net/html/madrid/img/singlework/environmental-5.jpg]
[tavonline.net/html/madrid/img/singlework/environmental-9.jpg]
[tavonline.net/html/madrid/img/singlework/environmental-7.jpg]
[tavonline.net/html/madrid/img/singlework/environmental-8.jpg]
[tavonline.net/html/madrid/js/main.min.js]
[tavonline.net/html/madrid/work-3.html]
[tavonline.net/html/madrid/img/singlework/ganje-1.jpg]
[tavonline.net/html/madrid/img/singlework/ganje-2.jpg]
[tavonline.net/html/madrid/work-4.html]
[tavonline.net/html/madrid/img/singlework/band-1.jpg]
[tavonline.net/html/madrid/img/singlework/band-2.jpg]
[tavonline.net/html/madrid/img/singlework/band-3.jpg]
[tavonline.net/html/madrid/img/singlework/band-4.jpg]
[tavonline.net/html/madrid/img/singlework/band-5.jpg]
[tavonline.net/html/madrid/img/singlework/band-6.jpg]
[tavonline.net/html/madrid/img/singlework/band-9.jpg]
[tavonline.net/html/madrid/work-5.html]
[tavonline.net/html/madrid/img/singlework/trave-1.jpg]
[tavonline.net/html/madrid/img/singlework/trave-2.jpg]
[tavonline.net/html/madrid/img/singlework/trave-3.jpg]
[tavonline.net/html/madrid/img/singlework/trave-4.jpg]
[tavonline.net/html/madrid/work-7.html]
[tavonline.net/html/madrid/img/singlework/massimo-1.jpg]
[tavonline.net/html/madrid/img/singlework/massimo-2.jpg]
[tavonline.net/html/madrid/img/singlework/massimo-3.jpg]
[tavonline.net/html/madrid/img/singlework/massimo-5.jpg]
[tavonline.net/html/madrid/img/singlework/massimo-6.jpg]
[tavonline.net/html/madrid/img/singlework/massimo-7.jpg]
[tavonline.net/html/madrid/work-6.html]
[tavonline.net/html/madrid/img/singlework/mall-1.jpg]
[tavonline.net/html/madrid/img/singlework/mall-3.jpg]
[tavonline.net/html/madrid/img/singlework/mall-4.jpg]
[tavonline.net/html/madrid/img/singlework/mall-5.jpg]
[tavonline.net/html/madrid/img/singlework/mall-6.jpg]
[tavonline.net/html/madrid/work-9.html]
[tavonline.net/html/madrid/img/singlework/summer-1.jpg]
[tavonline.net/html/madrid/img/singlework/summer-2.jpg]
[tavonline.net/html/madrid/img/singlework/summer-3.jpg]
[tavonline.net/html/madrid/img/singlework/summer-4.jpg]
[tavonline.net/html/madrid/img/singlework/summer-5.jpg]
[tavonline.net/html/madrid/work-8.html]
[tavonline.net/html/madrid/fonts/glyphicons-halflings-regular.html]
[tavonline.net/html/madrid/fonts/glyphicons-halflings-regulard41d.html]
[tavonline.net/html/madrid/fonts/glyphicons-halflings-regular-2.html]
[tavonline.net/html/madrid/fonts/glyphicons-halflings-regular-3.html]
[tavonline.net/html/madrid/fonts/glyphicons-halflings-regular-4.html]
[tavonline.net/html/madrid/fonts/glyphicons-halflings-regular-5.html]
[tavonline.net/html/madrid/icon-fonts/font-awesome-4.5.0/fonts/fontawesome-webfont3295.woff2]
[tavonline.net/html/madrid/icon-fonts/font-awesome-4.5.0/fonts/fontawesome-webfont3295.ttf]
[tavonline.net/html/madrid/icon-fonts/font-awesome-4.5.0/fonts/fontawesome-webfont3295.svg]
[tavonline.net/html/madrid/css/owl.theme.min.css]
[tavonline.net/html/madrid/css/owl.carousel.min.css]
[tavonline.net/html/madrid/icon-fonts/web-design/Flaticon.eot]
[tavonline.net/html/madrid/icon-fonts/web-design/Flaticon.woff]
[tavonline.net/html/madrid/icon-fonts/web-design/Flaticond41d.eot]
[tavonline.net/html/madrid/icon-fonts/web-design/Flaticon.ttf]
[tavonline.net/html/madrid/icon-fonts/web-design/Flaticon.svg]
[tavonline.net/html/madrid/icon-fonts/web-design/flaticon.css]
[tavonline.net/html/madrid/img/blog-big.jpg]
[tavonline.net/html/madrid/img/blog-article.jpg]
[tavonline.net/html/madrid/img/blog-article-2.jpg]
[tavonline.net/html/madrid/img/comment-img-1.jpg]
[tavonline.net/html/madrid/img/comment-img-2.jpg]
[tavonline.net/html/madrid/img/comment-img-3.jpg]
[tavonline.net/html/madrid/single-blog.html]
[tavonline.net/html/madrid/img/blog-2.jpg]
[tavonline.net/html/madrid/img/singlework/thegang.jpg]
[tavonline.net/html/madrid/css/magnific-popup.css]
[tavonline.net/html/madrid/img/singlework/environmental-3.jpg]
[tavonline.net/html/madrid/img/singlework/massimo-4.jpg]
[tavonline.net/html/madrid/img/singlework/mall-2.jpg]
[tavonline.net/html/madrid/icon-fonts/web-design/Flaticon.svg]
[tavonline.net/html/madrid/css/AjaxLoader.gif]
